../Core/Src/main.c:64:6:Force_UART3_GPIO_Init	32	static
../Core/Src/main.c:78:6:DWT_Init	4	static
../Core/Src/main.c:86:10:micros	4	static
../Core/Src/main.c:91:6:Run_Motors_Loop	40	static,ignoring_inline_asm
../Core/Src/main.c:158:5:main	40	static
../Core/Src/main.c:199:6:SystemClock_Config	72	static
../Core/Src/main.c:236:13:MX_TIM2_Init	32	static
../Core/Src/main.c:278:13:MX_USART1_UART_Init	8	static
../Core/Src/main.c:309:13:MX_USART2_UART_Init	8	static
../Core/Src/main.c:340:13:MX_USART3_UART_Init	8	static
../Core/Src/main.c:371:13:MX_GPIO_Init	40	static
../Core/Src/main.c:408:9:TMC_CRC8	32	static
../Core/Src/main.c:423:6:TMC_Write_To_Addr	24	static
../Core/Src/main.c:430:6:TMC_Write	16	static
../Core/Src/main.c:441:6:TMC2209_Init	8	static
../Core/Src/main.c:463:6:Parse_Command	104	static
../Core/Src/main.c:490:6:HAL_UART_RxCpltCallback	16	static
../Core/Src/main.c:510:6:Error_Handler	4	static,ignoring_inline_asm
